// Jest Snapshot v1, https://goo.gl/fbAQLP

exports[`App should render 1`] = `
<h1>
  <span
    aria-label="wave"
    role="img"
  >
    ðŸ‘‹
  </span>
   
  your test begins here...you can do it!
   
  <span
    aria-label="rocket"
    role="img"
  >
    ðŸš€
  </span>
</h1>
`;
